Command line invocation:
    /Applications/Xcode.app/Contents/Developer/usr/bin/xcodebuild -scheme Neto -destination generic/platform=iOS build

Resolve Package Graph


Resolved source packages:
  XMLCoder: https://github.com/maxdesiatov/XMLCoder.git @ 0.14.0
  ZIPFoundation: https://github.com/weichsel/ZIPFoundation.git @ 0.9.20
  CoreXLSX: https://github.com/CoreOffice/CoreXLSX @ 0.14.2

ComputePackagePrebuildTargetDependencyGraph

Prepare packages

CreateBuildRequest

SendProjectDescription

CreateBuildOperation

ComputeTargetDependencyGraph
note: Building targets in dependency order
note: Target dependency graph (8 targets)
    Target 'Neto' in project 'Neto'
        ➜ Explicit dependency on target 'CoreXLSX' in project 'CoreXLSX'
    Target 'CoreXLSX' in project 'CoreXLSX'
        ➜ Explicit dependency on target 'CoreXLSX' in project 'CoreXLSX'
        ➜ Explicit dependency on target 'XMLCoder' in project 'XMLCoder'
        ➜ Explicit dependency on target 'ZIPFoundation' in project 'ZIPFoundation'
    Target 'CoreXLSX' in project 'CoreXLSX'
        ➜ Explicit dependency on target 'XMLCoder' in project 'XMLCoder'
        ➜ Explicit dependency on target 'ZIPFoundation' in project 'ZIPFoundation'
    Target 'ZIPFoundation' in project 'ZIPFoundation'
        ➜ Explicit dependency on target 'ZIPFoundation' in project 'ZIPFoundation'
        ➜ Explicit dependency on target 'ZIPFoundation_ZIPFoundation' in project 'ZIPFoundation'
    Target 'ZIPFoundation' in project 'ZIPFoundation'
        ➜ Explicit dependency on target 'ZIPFoundation_ZIPFoundation' in project 'ZIPFoundation'
    Target 'ZIPFoundation_ZIPFoundation' in project 'ZIPFoundation' (no dependencies)
    Target 'XMLCoder' in project 'XMLCoder'
        ➜ Explicit dependency on target 'XMLCoder' in project 'XMLCoder'
    Target 'XMLCoder' in project 'XMLCoder' (no dependencies)

GatherProvisioningInputs

CreateBuildDescription

ExecuteExternalTool /Applications/Xcode.app/Contents/Developer/Toolchains/XcodeDefault.xctoolchain/usr/bin/clang -v -E -dM -isysroot /Applications/Xcode.app/Contents/Developer/Platforms/iPhoneOS.platform/Developer/SDKs/iPhoneOS26.2.sdk -x c -c /dev/null

ExecuteExternalTool /Applications/Xcode.app/Contents/Developer/Toolchains/XcodeDefault.xctoolchain/usr/bin/swiftc --version

ExecuteExternalTool /Applications/Xcode.app/Contents/Developer/usr/bin/actool --print-asset-tag-combinations --output-format xml1 /Users/jur/Desktop/Neto/Neto/Resources/Assets.xcassets

ExecuteExternalTool /Applications/Xcode.app/Contents/Developer/usr/bin/actool --version --output-format xml1

ExecuteExternalTool /Applications/Xcode.app/Contents/Developer/Toolchains/XcodeDefault.xctoolchain/usr/bin/ld -version_details

Build description signature: 67e37859e9deea5129a6a3725c73af25
Build description path: /Users/jur/Library/Developer/Xcode/DerivedData/Neto-axaxaahkibjfdndsynakjvdaxrnc/Build/Intermediates.noindex/XCBuildData/67e37859e9deea5129a6a3725c73af25.xcbuilddata
ClangStatCache /Applications/Xcode.app/Contents/Developer/Toolchains/XcodeDefault.xctoolchain/usr/bin/clang-stat-cache /Applications/Xcode.app/Contents/Developer/Platforms/iPhoneOS.platform/Developer/SDKs/iPhoneOS26.2.sdk /Users/jur/Library/Developer/Xcode/DerivedData/SDKStatCaches.noindex/iphoneos26.2-23C53-3794476bd08197c3e2abd9bb477ef7f7.sdkstatcache
    cd /Users/jur/Desktop/Neto/Neto.xcodeproj
    /Applications/Xcode.app/Contents/Developer/Toolchains/XcodeDefault.xctoolchain/usr/bin/clang-stat-cache /Applications/Xcode.app/Contents/Developer/Platforms/iPhoneOS.platform/Developer/SDKs/iPhoneOS26.2.sdk -o /Users/jur/Library/Developer/Xcode/DerivedData/SDKStatCaches.noindex/iphoneos26.2-23C53-3794476bd08197c3e2abd9bb477ef7f7.sdkstatcache

ProcessInfoPlistFile /Users/jur/Library/Developer/Xcode/DerivedData/Neto-axaxaahkibjfdndsynakjvdaxrnc/Build/Products/Debug-iphoneos/ZIPFoundation_ZIPFoundation.bundle/Info.plist /Users/jur/Library/Developer/Xcode/DerivedData/Neto-axaxaahkibjfdndsynakjvdaxrnc/Build/Intermediates.noindex/ZIPFoundation.build/Debug-iphoneos/ZIPFoundation_ZIPFoundation.build/empty-ZIPFoundation_ZIPFoundation.plist (in target 'ZIPFoundation_ZIPFoundation' from project 'ZIPFoundation')
    cd /Users/jur/Library/Developer/Xcode/DerivedData/Neto-axaxaahkibjfdndsynakjvdaxrnc/SourcePackages/checkouts/ZIPFoundation
    builtin-infoPlistUtility /Users/jur/Library/Developer/Xcode/DerivedData/Neto-axaxaahkibjfdndsynakjvdaxrnc/Build/Intermediates.noindex/ZIPFoundation.build/Debug-iphoneos/ZIPFoundation_ZIPFoundation.build/empty-ZIPFoundation_ZIPFoundation.plist -producttype com.apple.product-type.bundle -expandbuildsettings -format binary -platform iphoneos -requiredArchitecture arm64 -o /Users/jur/Library/Developer/Xcode/DerivedData/Neto-axaxaahkibjfdndsynakjvdaxrnc/Build/Products/Debug-iphoneos/ZIPFoundation_ZIPFoundation.bundle/Info.plist

ProcessProductPackaging /Users/jur/Desktop/Neto/Neto/App/Neto.entitlements /Users/jur/Library/Developer/Xcode/DerivedData/Neto-axaxaahkibjfdndsynakjvdaxrnc/Build/Intermediates.noindex/Neto.build/Debug-iphoneos/Neto.build/Neto.app.xcent (in target 'Neto' from project 'Neto')
    cd /Users/jur/Desktop/Neto
    
    Entitlements:
    
    {
    "application-identifier" = "3WKFFVD66J.com.jurgenschmidt.finaria.dev";
    "com.apple.developer.team-identifier" = 3WKFFVD66J;
    "get-task-allow" = 1;
}
    
    builtin-productPackagingUtility /Users/jur/Desktop/Neto/Neto/App/Neto.entitlements -entitlements -format xml -o /Users/jur/Library/Developer/Xcode/DerivedData/Neto-axaxaahkibjfdndsynakjvdaxrnc/Build/Intermediates.noindex/Neto.build/Debug-iphoneos/Neto.build/Neto.app.xcent

ProcessProductPackagingDER /Users/jur/Library/Developer/Xcode/DerivedData/Neto-axaxaahkibjfdndsynakjvdaxrnc/Build/Intermediates.noindex/Neto.build/Debug-iphoneos/Neto.build/Neto.app.xcent /Users/jur/Library/Developer/Xcode/DerivedData/Neto-axaxaahkibjfdndsynakjvdaxrnc/Build/Intermediates.noindex/Neto.build/Debug-iphoneos/Neto.build/Neto.app.xcent.der (in target 'Neto' from project 'Neto')
    cd /Users/jur/Desktop/Neto
    /usr/bin/derq query -f xml -i /Users/jur/Library/Developer/Xcode/DerivedData/Neto-axaxaahkibjfdndsynakjvdaxrnc/Build/Intermediates.noindex/Neto.build/Debug-iphoneos/Neto.build/Neto.app.xcent -o /Users/jur/Library/Developer/Xcode/DerivedData/Neto-axaxaahkibjfdndsynakjvdaxrnc/Build/Intermediates.noindex/Neto.build/Debug-iphoneos/Neto.build/Neto.app.xcent.der --raw

Copy /Users/jur/Library/Developer/Xcode/DerivedData/Neto-axaxaahkibjfdndsynakjvdaxrnc/Build/Products/Debug-iphoneos/Neto.app/ZIPFoundation_ZIPFoundation.bundle /Users/jur/Library/Developer/Xcode/DerivedData/Neto-axaxaahkibjfdndsynakjvdaxrnc/Build/Products/Debug-iphoneos/ZIPFoundation_ZIPFoundation.bundle (in target 'Neto' from project 'Neto')
    cd /Users/jur/Desktop/Neto
    builtin-copy -exclude .DS_Store -exclude CVS -exclude .svn -exclude .git -exclude .hg -resolve-src-symlinks /Users/jur/Library/Developer/Xcode/DerivedData/Neto-axaxaahkibjfdndsynakjvdaxrnc/Build/Products/Debug-iphoneos/ZIPFoundation_ZIPFoundation.bundle /Users/jur/Library/Developer/Xcode/DerivedData/Neto-axaxaahkibjfdndsynakjvdaxrnc/Build/Products/Debug-iphoneos/Neto.app

SwiftDriver Neto normal arm64 com.apple.xcode.tools.swift.compiler (in target 'Neto' from project 'Neto')
    cd /Users/jur/Desktop/Neto
    builtin-SwiftDriver -- /Applications/Xcode.app/Contents/Developer/Toolchains/XcodeDefault.xctoolchain/usr/bin/swiftc -module-name Neto -Onone -enforce-exclusivity\=checked @/Users/jur/Library/Developer/Xcode/DerivedData/Neto-axaxaahkibjfdndsynakjvdaxrnc/Build/Intermediates.noindex/Neto.build/Debug-iphoneos/Neto.build/Objects-normal/arm64/Neto.SwiftFileList -DDEBUG -default-isolation\=MainActor -enable-bare-slash-regex -enable-upcoming-feature DisableOutwardActorInference -enable-upcoming-feature InferSendableFromCaptures -enable-upcoming-feature GlobalActorIsolatedTypesUsability -enable-upcoming-feature MemberImportVisibility -enable-upcoming-feature InferIsolatedConformances -enable-upcoming-feature NonisolatedNonsendingByDefault -enable-experimental-feature DebugDescriptionMacro -sdk /Applications/Xcode.app/Contents/Developer/Platforms/iPhoneOS.platform/Developer/SDKs/iPhoneOS26.2.sdk -target arm64-apple-ios26.1 -g -module-cache-path /Users/jur/Library/Developer/Xcode/DerivedData/ModuleCache.noindex -Xfrontend -serialize-debugging-options -profile-coverage-mapping -profile-generate -enable-testing -index-store-path /Users/jur/Library/Developer/Xcode/DerivedData/Neto-axaxaahkibjfdndsynakjvdaxrnc/Index.noindex/DataStore -Xcc -D_LIBCPP_HARDENING_MODE\=_LIBCPP_HARDENING_MODE_DEBUG -swift-version 5 -I /Users/jur/Library/Developer/Xcode/DerivedData/Neto-axaxaahkibjfdndsynakjvdaxrnc/Build/Products/Debug-iphoneos -F /Users/jur/Library/Developer/Xcode/DerivedData/Neto-axaxaahkibjfdndsynakjvdaxrnc/Build/Products/Debug-iphoneos/PackageFrameworks -F /Users/jur/Library/Developer/Xcode/DerivedData/Neto-axaxaahkibjfdndsynakjvdaxrnc/Build/Products/Debug-iphoneos/PackageFrameworks -F /Users/jur/Library/Developer/Xcode/DerivedData/Neto-axaxaahkibjfdndsynakjvdaxrnc/Build/Products/Debug-iphoneos/PackageFrameworks -F /Users/jur/Library/Developer/Xcode/DerivedData/Neto-axaxaahkibjfdndsynakjvdaxrnc/Build/Products/Debug-iphoneos -emit-localized-strings -emit-localized-strings-path /Users/jur/Library/Developer/Xcode/DerivedData/Neto-axaxaahkibjfdndsynakjvdaxrnc/Build/Intermediates.noindex/Neto.build/Debug-iphoneos/Neto.build/Objects-normal/arm64 -c -j10 -enable-batch-mode -incremental -Xcc -ivfsstatcache -Xcc /Users/jur/Library/Developer/Xcode/DerivedData/SDKStatCaches.noindex/iphoneos26.2-23C53-3794476bd08197c3e2abd9bb477ef7f7.sdkstatcache -output-file-map /Users/jur/Library/Developer/Xcode/DerivedData/Neto-axaxaahkibjfdndsynakjvdaxrnc/Build/Intermediates.noindex/Neto.build/Debug-iphoneos/Neto.build/Objects-normal/arm64/Neto-OutputFileMap.json -use-frontend-parseable-output -save-temps -no-color-diagnostics -explicit-module-build -module-cache-path /Users/jur/Library/Developer/Xcode/DerivedData/Neto-axaxaahkibjfdndsynakjvdaxrnc/Build/Intermediates.noindex/SwiftExplicitPrecompiledModules -clang-scanner-module-cache-path /Users/jur/Library/Developer/Xcode/DerivedData/ModuleCache.noindex -sdk-module-cache-path /Users/jur/Library/Developer/Xcode/DerivedData/ModuleCache.noindex -serialize-diagnostics -emit-dependencies -emit-module -emit-module-path /Users/jur/Library/Developer/Xcode/DerivedData/Neto-axaxaahkibjfdndsynakjvdaxrnc/Build/Intermediates.noindex/Neto.build/Debug-iphoneos/Neto.build/Objects-normal/arm64/Neto.swiftmodule -validate-clang-modules-once -clang-build-session-file /Users/jur/Library/Developer/Xcode/DerivedData/ModuleCache.noindex/Session.modulevalidation -Xcc -I/Users/jur/Library/Developer/Xcode/DerivedData/Neto-axaxaahkibjfdndsynakjvdaxrnc/Build/Intermediates.noindex/Neto.build/Debug-iphoneos/Neto.build/swift-overrides.hmap -emit-const-values -Xfrontend -const-gather-protocols-file -Xfrontend /Users/jur/Library/Developer/Xcode/DerivedData/Neto-axaxaahkibjfdndsynakjvdaxrnc/Build/Intermediates.noindex/Neto.build/Debug-iphoneos/Neto.build/Objects-normal/arm64/Neto_const_extract_protocols.json -Xcc -iquote -Xcc /Users/jur/Library/Developer/Xcode/DerivedData/Neto-axaxaahkibjfdndsynakjvdaxrnc/Build/Intermediates.noindex/Neto.build/Debug-iphoneos/Neto.build/Neto-generated-files.hmap -Xcc -I/Users/jur/Library/Developer/Xcode/DerivedData/Neto-axaxaahkibjfdndsynakjvdaxrnc/Build/Intermediates.noindex/Neto.build/Debug-iphoneos/Neto.build/Neto-own-target-headers.hmap -Xcc -I/Users/jur/Library/Developer/Xcode/DerivedData/Neto-axaxaahkibjfdndsynakjvdaxrnc/Build/Intermediates.noindex/Neto.build/Debug-iphoneos/Neto.build/Neto-all-non-framework-target-headers.hmap -Xcc -ivfsoverlay -Xcc /Users/jur/Library/Developer/Xcode/DerivedData/Neto-axaxaahkibjfdndsynakjvdaxrnc/Build/Intermediates.noindex/Neto.build/Debug-iphoneos/Neto-756be9b60510be92858ed27b28e71159-VFS-iphoneos/all-product-headers.yaml -Xcc -iquote -Xcc /Users/jur/Library/Developer/Xcode/DerivedData/Neto-axaxaahkibjfdndsynakjvdaxrnc/Build/Intermediates.noindex/Neto.build/Debug-iphoneos/Neto.build/Neto-project-headers.hmap -Xcc -I/Users/jur/Library/Developer/Xcode/DerivedData/Neto-axaxaahkibjfdndsynakjvdaxrnc/Build/Products/Debug-iphoneos/include -Xcc -I/Users/jur/Library/Developer/Xcode/DerivedData/Neto-axaxaahkibjfdndsynakjvdaxrnc/Build/Intermediates.noindex/Neto.build/Debug-iphoneos/Neto.build/DerivedSources-normal/arm64 -Xcc -I/Users/jur/Library/Developer/Xcode/DerivedData/Neto-axaxaahkibjfdndsynakjvdaxrnc/Build/Intermediates.noindex/Neto.build/Debug-iphoneos/Neto.build/DerivedSources/arm64 -Xcc -I/Users/jur/Library/Developer/Xcode/DerivedData/Neto-axaxaahkibjfdndsynakjvdaxrnc/Build/Intermediates.noindex/Neto.build/Debug-iphoneos/Neto.build/DerivedSources -Xcc -DDEBUG\=1 -emit-objc-header -emit-objc-header-path /Users/jur/Library/Developer/Xcode/DerivedData/Neto-axaxaahkibjfdndsynakjvdaxrnc/Build/Intermediates.noindex/Neto.build/Debug-iphoneos/Neto.build/Objects-normal/arm64/Neto-Swift.h -working-directory /Users/jur/Desktop/Neto -experimental-emit-module-separately -disable-cmo

ProcessInfoPlistFile /Users/jur/Library/Developer/Xcode/DerivedData/Neto-axaxaahkibjfdndsynakjvdaxrnc/Build/Products/Debug-iphoneos/Neto.app/Info.plist /Users/jur/Desktop/Neto/Neto/Resources/Info.plist (in target 'Neto' from project 'Neto')
    cd /Users/jur/Desktop/Neto
    builtin-infoPlistUtility /Users/jur/Desktop/Neto/Neto/Resources/Info.plist -producttype com.apple.product-type.application -genpkginfo /Users/jur/Library/Developer/Xcode/DerivedData/Neto-axaxaahkibjfdndsynakjvdaxrnc/Build/Products/Debug-iphoneos/Neto.app/PkgInfo -expandbuildsettings -format binary -platform iphoneos -additionalcontentfile /Users/jur/Library/Developer/Xcode/DerivedData/Neto-axaxaahkibjfdndsynakjvdaxrnc/Build/Intermediates.noindex/Neto.build/Debug-iphoneos/Neto.build/assetcatalog_generated_info.plist -scanforprivacyfile /Users/jur/Library/Developer/Xcode/DerivedData/Neto-axaxaahkibjfdndsynakjvdaxrnc/Build/Products/Debug-iphoneos/Neto.app/ZIPFoundation_ZIPFoundation.bundle -requiredArchitecture arm64 -o /Users/jur/Library/Developer/Xcode/DerivedData/Neto-axaxaahkibjfdndsynakjvdaxrnc/Build/Products/Debug-iphoneos/Neto.app/Info.plist

SwiftCompile normal arm64 Compiling\ TransactionFormModels.swift,\ WidgetModels.swift,\ Filterable.swift,\ DesignTokens.swift,\ SmartAxisHelper.swift,\ AccountFormViewModel.swift,\ BudgetsViewModel.swift,\ NewTransactionViewModel.swift,\ PanelCalculationContext.swift,\ PanelViewModel.swift,\ RecordsViewModel.swift,\ StatisticsViewModel.swift,\ WidgetConfigManager.swift,\ AccountFormView.swift,\ AccountTypeSelectorView.swift /Users/jur/Desktop/Neto/Neto/App/Models/TransactionFormModels.swift /Users/jur/Desktop/Neto/Neto/App/Models/WidgetModels.swift /Users/jur/Desktop/Neto/Neto/App/Protocols/Filterable.swift /Users/jur/Desktop/Neto/Neto/App/Theme/DesignTokens.swift /Users/jur/Desktop/Neto/Neto/App/Utilities/SmartAxisHelper.swift /Users/jur/Desktop/Neto/Neto/App/ViewModels/Accounts/AccountFormViewModel.swift /Users/jur/Desktop/Neto/Neto/App/ViewModels/BudgetsViewModel.swift /Users/jur/Desktop/Neto/Neto/App/ViewModels/NewTransactionViewModel.swift /Users/jur/Desktop/Neto/Neto/App/ViewModels/PanelCalculationContext.swift /Users/jur/Desktop/Neto/Neto/App/ViewModels/PanelViewModel.swift /Users/jur/Desktop/Neto/Neto/App/ViewModels/RecordsViewModel.swift /Users/jur/Desktop/Neto/Neto/App/ViewModels/StatisticsViewModel.swift /Users/jur/Desktop/Neto/Neto/App/ViewModels/WidgetConfigManager.swift /Users/jur/Desktop/Neto/Neto/App/Views/Accounts/AccountFormView.swift /Users/jur/Desktop/Neto/Neto/App/Views/Accounts/AccountTypeSelectorView.swift (in target 'Neto' from project 'Neto')

SwiftCompile normal arm64 /Users/jur/Desktop/Neto/Neto/App/Models/TransactionFormModels.swift (in target 'Neto' from project 'Neto')
    cd /Users/jur/Desktop/Neto
    

SwiftCompile normal arm64 /Users/jur/Desktop/Neto/Neto/App/Models/WidgetModels.swift (in target 'Neto' from project 'Neto')
    cd /Users/jur/Desktop/Neto
    

SwiftCompile normal arm64 /Users/jur/Desktop/Neto/Neto/App/Protocols/Filterable.swift (in target 'Neto' from project 'Neto')
    cd /Users/jur/Desktop/Neto
    

SwiftCompile normal arm64 /Users/jur/Desktop/Neto/Neto/App/Theme/DesignTokens.swift (in target 'Neto' from project 'Neto')
    cd /Users/jur/Desktop/Neto
    

SwiftCompile normal arm64 /Users/jur/Desktop/Neto/Neto/App/Utilities/SmartAxisHelper.swift (in target 'Neto' from project 'Neto')
    cd /Users/jur/Desktop/Neto
    

SwiftCompile normal arm64 /Users/jur/Desktop/Neto/Neto/App/ViewModels/Accounts/AccountFormViewModel.swift (in target 'Neto' from project 'Neto')
    cd /Users/jur/Desktop/Neto
    

SwiftCompile normal arm64 /Users/jur/Desktop/Neto/Neto/App/ViewModels/BudgetsViewModel.swift (in target 'Neto' from project 'Neto')
    cd /Users/jur/Desktop/Neto
    

SwiftCompile normal arm64 /Users/jur/Desktop/Neto/Neto/App/ViewModels/NewTransactionViewModel.swift (in target 'Neto' from project 'Neto')
    cd /Users/jur/Desktop/Neto
    

SwiftCompile normal arm64 /Users/jur/Desktop/Neto/Neto/App/ViewModels/PanelCalculationContext.swift (in target 'Neto' from project 'Neto')
    cd /Users/jur/Desktop/Neto
    

SwiftCompile normal arm64 /Users/jur/Desktop/Neto/Neto/App/ViewModels/PanelViewModel.swift (in target 'Neto' from project 'Neto')
    cd /Users/jur/Desktop/Neto
    

SwiftCompile normal arm64 /Users/jur/Desktop/Neto/Neto/App/ViewModels/RecordsViewModel.swift (in target 'Neto' from project 'Neto')
    cd /Users/jur/Desktop/Neto
    

SwiftCompile normal arm64 /Users/jur/Desktop/Neto/Neto/App/ViewModels/StatisticsViewModel.swift (in target 'Neto' from project 'Neto')
    cd /Users/jur/Desktop/Neto
    

SwiftCompile normal arm64 /Users/jur/Desktop/Neto/Neto/App/ViewModels/WidgetConfigManager.swift (in target 'Neto' from project 'Neto')
    cd /Users/jur/Desktop/Neto
    

SwiftCompile normal arm64 /Users/jur/Desktop/Neto/Neto/App/Views/Accounts/AccountFormView.swift (in target 'Neto' from project 'Neto')
    cd /Users/jur/Desktop/Neto
    

SwiftCompile normal arm64 /Users/jur/Desktop/Neto/Neto/App/Views/Accounts/AccountTypeSelectorView.swift (in target 'Neto' from project 'Neto')
    cd /Users/jur/Desktop/Neto
    

SwiftCompile normal arm64 Compiling\ RecordsFiltersView.swift,\ AccountsSettingsListView.swift,\ AppIconSettingsView.swift,\ CategoriesSettingsListView.swift,\ CurrencySettingsView.swift,\ PersonalizationSettingsView.swift,\ SettingsPlaceholderView.swift,\ TagsSettingsListView.swift,\ ThemeSettingsView.swift,\ UserDataResetView.swift,\ ActivityView.swift,\ CurrencySelectorView.swift,\ IconColorPickerSheet.swift,\ PanelBackgroundView.swift,\ SectionBox.swift /Users/jur/Desktop/Neto/Neto/App/Views/Records/RecordsFiltersView.swift /Users/jur/Desktop/Neto/Neto/App/Views/Settings/AccountsSettingsListView.swift /Users/jur/Desktop/Neto/Neto/App/Views/Settings/AppIconSettingsView.swift /Users/jur/Desktop/Neto/Neto/App/Views/Settings/CategoriesSettingsListView.swift /Users/jur/Desktop/Neto/Neto/App/Views/Settings/CurrencySettingsView.swift /Users/jur/Desktop/Neto/Neto/App/Views/Settings/PersonalizationSettingsView.swift /Users/jur/Desktop/Neto/Neto/App/Views/Settings/SettingsPlaceholderView.swift /Users/jur/Desktop/Neto/Neto/App/Views/Settings/TagsSettingsListView.swift /Users/jur/Desktop/Neto/Neto/App/Views/Settings/ThemeSettingsView.swift /Users/jur/Desktop/Neto/Neto/App/Views/Settings/UserDataResetView.swift /Users/jur/Desktop/Neto/Neto/App/Views/Shared/ActivityView.swift /Users/jur/Desktop/Neto/Neto/App/Views/Shared/CurrencySelectorView.swift /Users/jur/Desktop/Neto/Neto/App/Views/Shared/IconColorPickerSheet.swift /Users/jur/Desktop/Neto/Neto/App/Views/Shared/PanelBackgroundView.swift /Users/jur/Desktop/Neto/Neto/App/Views/Shared/SectionBox.swift (in target 'Neto' from project 'Neto')
SwiftCompile normal arm64 /Users/jur/Desktop/Neto/Neto/App/Views/Records/RecordsFiltersView.swift (in target 'Neto' from project 'Neto')
    cd /Users/jur/Desktop/Neto
    

SwiftCompile normal arm64 /Users/jur/Desktop/Neto/Neto/App/Views/Settings/AccountsSettingsListView.swift (in target 'Neto' from project 'Neto')
    cd /Users/jur/Desktop/Neto
    

SwiftCompile normal arm64 /Users/jur/Desktop/Neto/Neto/App/Views/Settings/AppIconSettingsView.swift (in target 'Neto' from project 'Neto')
    cd /Users/jur/Desktop/Neto
    

SwiftCompile normal arm64 /Users/jur/Desktop/Neto/Neto/App/Views/Settings/CategoriesSettingsListView.swift (in target 'Neto' from project 'Neto')
    cd /Users/jur/Desktop/Neto
    

SwiftCompile normal arm64 /Users/jur/Desktop/Neto/Neto/App/Views/Settings/CurrencySettingsView.swift (in target 'Neto' from project 'Neto')
    cd /Users/jur/Desktop/Neto
    

SwiftCompile normal arm64 /Users/jur/Desktop/Neto/Neto/App/Views/Settings/PersonalizationSettingsView.swift (in target 'Neto' from project 'Neto')
    cd /Users/jur/Desktop/Neto
    

SwiftCompile normal arm64 /Users/jur/Desktop/Neto/Neto/App/Views/Settings/SettingsPlaceholderView.swift (in target 'Neto' from project 'Neto')
    cd /Users/jur/Desktop/Neto
    

SwiftCompile normal arm64 /Users/jur/Desktop/Neto/Neto/App/Views/Settings/TagsSettingsListView.swift (in target 'Neto' from project 'Neto')
    cd /Users/jur/Desktop/Neto
    

SwiftCompile normal arm64 /Users/jur/Desktop/Neto/Neto/App/Views/Settings/ThemeSettingsView.swift (in target 'Neto' from project 'Neto')
    cd /Users/jur/Desktop/Neto
    

SwiftCompile normal arm64 /Users/jur/Desktop/Neto/Neto/App/Views/Settings/UserDataResetView.swift (in target 'Neto' from project 'Neto')
    cd /Users/jur/Desktop/Neto
    

SwiftCompile normal arm64 /Users/jur/Desktop/Neto/Neto/App/Views/Shared/ActivityView.swift (in target 'Neto' from project 'Neto')
    cd /Users/jur/Desktop/Neto
    

SwiftCompile normal arm64 /Users/jur/Desktop/Neto/Neto/App/Views/Shared/CurrencySelectorView.swift (in target 'Neto' from project 'Neto')
    cd /Users/jur/Desktop/Neto
    

SwiftCompile normal arm64 /Users/jur/Desktop/Neto/Neto/App/Views/Shared/IconColorPickerSheet.swift (in target 'Neto' from project 'Neto')
    cd /Users/jur/Desktop/Neto
    

SwiftCompile normal arm64 /Users/jur/Desktop/Neto/Neto/App/Views/Shared/PanelBackgroundView.swift (in target 'Neto' from project 'Neto')
    cd /Users/jur/Desktop/Neto
    

SwiftCompile normal arm64 /Users/jur/Desktop/Neto/Neto/App/Views/Shared/SectionBox.swift (in target 'Neto' from project 'Neto')
    cd /Users/jur/Desktop/Neto
    

SwiftCompile normal arm64 Compiling\ SkeletonView.swift,\ StandardButtons.swift,\ SubsectionDivider.swift,\ UIHelpers.swift,\ CategoriesTabView.swift,\ DetailContainerView.swift,\ PeriodComparisonChartView.swift,\ RecordsTabView.swift,\ StatisticsView.swift,\ TrendsTabView.swift,\ TagFormView.swift,\ DatePickerSheet.swift,\ NatureEditChip.swift,\ NatureSelectorSheet.swift,\ SelectionChip.swift /Users/jur/Desktop/Neto/Neto/App/Views/Shared/SkeletonView.swift /Users/jur/Desktop/Neto/Neto/App/Views/Shared/StandardButtons.swift /Users/jur/Desktop/Neto/Neto/App/Views/Shared/SubsectionDivider.swift /Users/jur/Desktop/Neto/Neto/App/Views/Shared/UIHelpers.swift /Users/jur/Desktop/Neto/Neto/App/Views/Statistics/CategoriesTabView.swift /Users/jur/Desktop/Neto/Neto/App/Views/Statistics/DetailContainerView.swift /Users/jur/Desktop/Neto/Neto/App/Views/Statistics/PeriodComparisonChartView.swift /Users/jur/Desktop/Neto/Neto/App/Views/Statistics/RecordsTabView.swift /Users/jur/Desktop/Neto/Neto/App/Views/Statistics/StatisticsView.swift /Users/jur/Desktop/Neto/Neto/App/Views/Statistics/TrendsTabView.swift /Users/jur/Desktop/Neto/Neto/App/Views/Tags/TagFormView.swift /Users/jur/Desktop/Neto/Neto/App/Views/Transactions/Components/DatePickerSheet.swift /Users/jur/Desktop/Neto/Neto/App/Views/Transactions/Components/NatureEditChip.swift /Users/jur/Desktop/Neto/Neto/App/Views/Transactions/Components/NatureSelectorSheet.swift /Users/jur/Desktop/Neto/Neto/App/Views/Transactions/Components/SelectionChip.swift (in target 'Neto' from project 'Neto')

SwiftCompile normal arm64 /Users/jur/Desktop/Neto/Neto/App/Views/Shared/SkeletonView.swift (in target 'Neto' from project 'Neto')
    cd /Users/jur/Desktop/Neto
    

SwiftCompile normal arm64 /Users/jur/Desktop/Neto/Neto/App/Views/Shared/StandardButtons.swift (in target 'Neto' from project 'Neto')
    cd /Users/jur/Desktop/Neto
    

SwiftCompile normal arm64 /Users/jur/Desktop/Neto/Neto/App/Views/Shared/SubsectionDivider.swift (in target 'Neto' from project 'Neto')
    cd /Users/jur/Desktop/Neto
    

SwiftCompile normal arm64 /Users/jur/Desktop/Neto/Neto/App/Views/Shared/UIHelpers.swift (in target 'Neto' from project 'Neto')
    cd /Users/jur/Desktop/Neto
    

SwiftCompile normal arm64 /Users/jur/Desktop/Neto/Neto/App/Views/Statistics/CategoriesTabView.swift (in target 'Neto' from project 'Neto')
    cd /Users/jur/Desktop/Neto
    

SwiftCompile normal arm64 /Users/jur/Desktop/Neto/Neto/App/Views/Statistics/DetailContainerView.swift (in target 'Neto' from project 'Neto')
    cd /Users/jur/Desktop/Neto
    

SwiftCompile normal arm64 /Users/jur/Desktop/Neto/Neto/App/Views/Statistics/PeriodComparisonChartView.swift (in target 'Neto' from project 'Neto')
    cd /Users/jur/Desktop/Neto
    

SwiftCompile normal arm64 /Users/jur/Desktop/Neto/Neto/App/Views/Statistics/RecordsTabView.swift (in target 'Neto' from project 'Neto')
    cd /Users/jur/Desktop/Neto
    

SwiftCompile normal arm64 /Users/jur/Desktop/Neto/Neto/App/Views/Statistics/StatisticsView.swift (in target 'Neto' from project 'Neto')
    cd /Users/jur/Desktop/Neto
    

SwiftCompile normal arm64 /Users/jur/Desktop/Neto/Neto/App/Views/Statistics/TrendsTabView.swift (in target 'Neto' from project 'Neto')
    cd /Users/jur/Desktop/Neto
    

SwiftCompile normal arm64 /Users/jur/Desktop/Neto/Neto/App/Views/Tags/TagFormView.swift (in target 'Neto' from project 'Neto')
    cd /Users/jur/Desktop/Neto
    

SwiftCompile normal arm64 /Users/jur/Desktop/Neto/Neto/App/Views/Transactions/Components/DatePickerSheet.swift (in target 'Neto' from project 'Neto')
    cd /Users/jur/Desktop/Neto
    

SwiftCompile normal arm64 /Users/jur/Desktop/Neto/Neto/App/Views/Transactions/Components/NatureEditChip.swift (in target 'Neto' from project 'Neto')
    cd /Users/jur/Desktop/Neto
    

SwiftCompile normal arm64 /Users/jur/Desktop/Neto/Neto/App/Views/Transactions/Components/NatureSelectorSheet.swift (in target 'Neto' from project 'Neto')
    cd /Users/jur/Desktop/Neto
    

SwiftCompile normal arm64 /Users/jur/Desktop/Neto/Neto/App/Views/Transactions/Components/SelectionChip.swift (in target 'Neto' from project 'Neto')
    cd /Users/jur/Desktop/Neto
    

SwiftCompile normal arm64 Compiling\ TransactionAmountInputView.swift,\ TransactionTypeSelectorView.swift,\ TransferAmountInputView.swift,\ AccountSelectorSheet.swift,\ DescriptionAutocomplete.swift,\ ExchangeRateInputView.swift,\ NewTransactionView.swift,\ NumericKeypadView.swift,\ SubcategorySelectorSheet.swift,\ TagSelectorSheet.swift,\ TransactionFormRow.swift,\ TransactionSuccessView.swift,\ TransactionTypeSegmentedView.swift,\ ContentView.swift,\ NetoApp.swift /Users/jur/Desktop/Neto/Neto/App/Views/Transactions/Components/TransactionAmountInputView.swift /Users/jur/Desktop/Neto/Neto/App/Views/Transactions/Components/TransactionTypeSelectorView.swift /Users/jur/Desktop/Neto/Neto/App/Views/Transactions/Components/TransferAmountInputView.swift /Users/jur/Desktop/Neto/Neto/App/Views/Transactions/AccountSelectorSheet.swift /Users/jur/Desktop/Neto/Neto/App/Views/Transactions/DescriptionAutocomplete.swift /Users/jur/Desktop/Neto/Neto/App/Views/Transactions/ExchangeRateInputView.swift /Users/jur/Desktop/Neto/Neto/App/Views/Transactions/NewTransactionView.swift /Users/jur/Desktop/Neto/Neto/App/Views/Transactions/NumericKeypadView.swift /Users/jur/Desktop/Neto/Neto/App/Views/Transactions/SubcategorySelectorSheet.swift /Users/jur/Desktop/Neto/Neto/App/Views/Transactions/TagSelectorSheet.swift /Users/jur/Desktop/Neto/Neto/App/Views/Transactions/TransactionFormRow.swift /Users/jur/Desktop/Neto/Neto/App/Views/Transactions/TransactionSuccessView.swift /Users/jur/Desktop/Neto/Neto/App/Views/Transactions/TransactionTypeSegmentedView.swift /Users/jur/Desktop/Neto/Neto/App/ContentView.swift /Users/jur/Desktop/Neto/Neto/App/NetoApp.swift (in target 'Neto' from project 'Neto')

SwiftCompile normal arm64 /Users/jur/Desktop/Neto/Neto/App/Views/Transactions/Components/TransactionAmountInputView.swift (in target 'Neto' from project 'Neto')
    cd /Users/jur/Desktop/Neto
    

SwiftCompile normal arm64 /Users/jur/Desktop/Neto/Neto/App/Views/Transactions/Components/TransactionTypeSelectorView.swift (in target 'Neto' from project 'Neto')
    cd /Users/jur/Desktop/Neto
    

SwiftCompile normal arm64 /Users/jur/Desktop/Neto/Neto/App/Views/Transactions/Components/TransferAmountInputView.swift (in target 'Neto' from project 'Neto')
    cd /Users/jur/Desktop/Neto
    

SwiftCompile normal arm64 /Users/jur/Desktop/Neto/Neto/App/Views/Transactions/AccountSelectorSheet.swift (in target 'Neto' from project 'Neto')
    cd /Users/jur/Desktop/Neto
    

SwiftCompile normal arm64 /Users/jur/Desktop/Neto/Neto/App/Views/Transactions/DescriptionAutocomplete.swift (in target 'Neto' from project 'Neto')
    cd /Users/jur/Desktop/Neto
    

SwiftCompile normal arm64 /Users/jur/Desktop/Neto/Neto/App/Views/Transactions/ExchangeRateInputView.swift (in target 'Neto' from project 'Neto')
    cd /Users/jur/Desktop/Neto
    

SwiftCompile normal arm64 /Users/jur/Desktop/Neto/Neto/App/Views/Transactions/NewTransactionView.swift (in target 'Neto' from project 'Neto')
    cd /Users/jur/Desktop/Neto
    

SwiftCompile normal arm64 /Users/jur/Desktop/Neto/Neto/App/Views/Transactions/NumericKeypadView.swift (in target 'Neto' from project 'Neto')
    cd /Users/jur/Desktop/Neto
    

SwiftCompile normal arm64 /Users/jur/Desktop/Neto/Neto/App/Views/Transactions/SubcategorySelectorSheet.swift (in target 'Neto' from project 'Neto')
    cd /Users/jur/Desktop/Neto
    

SwiftCompile normal arm64 /Users/jur/Desktop/Neto/Neto/App/Views/Transactions/TagSelectorSheet.swift (in target 'Neto' from project 'Neto')
    cd /Users/jur/Desktop/Neto
    

SwiftCompile normal arm64 /Users/jur/Desktop/Neto/Neto/App/Views/Transactions/TransactionFormRow.swift (in target 'Neto' from project 'Neto')
    cd /Users/jur/Desktop/Neto
    

SwiftCompile normal arm64 /Users/jur/Desktop/Neto/Neto/App/Views/Transactions/TransactionSuccessView.swift (in target 'Neto' from project 'Neto')
    cd /Users/jur/Desktop/Neto
    

SwiftCompile normal arm64 /Users/jur/Desktop/Neto/Neto/App/Views/Transactions/TransactionTypeSegmentedView.swift (in target 'Neto' from project 'Neto')
    cd /Users/jur/Desktop/Neto
    

SwiftCompile normal arm64 /Users/jur/Desktop/Neto/Neto/App/ContentView.swift (in target 'Neto' from project 'Neto')
    cd /Users/jur/Desktop/Neto
    

SwiftCompile normal arm64 /Users/jur/Desktop/Neto/Neto/App/NetoApp.swift (in target 'Neto' from project 'Neto')
    cd /Users/jur/Desktop/Neto
    

SwiftCompile normal arm64 Compiling\ AdjustmentModeSelectorView.swift,\ CategoryDetailView.swift,\ SubcategoryDetailView.swift,\ SubcategoryNatureSelectorView.swift,\ ExportColumnsStepView.swift,\ ExportFiltersStepView.swift,\ ExportSummaryStepView.swift,\ FilterComponents.swift,\ FavoriteEditorView.swift,\ FavoriteRowView.swift,\ FavoritesListView.swift,\ CategorySelectorSheet.swift,\ FilterChipsSection.swift,\ FilterChipView.swift,\ FilterControlBar.swift /Users/jur/Desktop/Neto/Neto/App/Views/Accounts/AdjustmentModeSelectorView.swift /Users/jur/Desktop/Neto/Neto/App/Views/Categories/CategoryDetailView.swift /Users/jur/Desktop/Neto/Neto/App/Views/Categories/SubcategoryDetailView.swift /Users/jur/Desktop/Neto/Neto/App/Views/Categories/SubcategoryNatureSelectorView.swift /Users/jur/Desktop/Neto/Neto/App/Views/ExportWizard/ExportColumnsStepView.swift /Users/jur/Desktop/Neto/Neto/App/Views/ExportWizard/ExportFiltersStepView.swift /Users/jur/Desktop/Neto/Neto/App/Views/ExportWizard/ExportSummaryStepView.swift /Users/jur/Desktop/Neto/Neto/App/Views/ExportWizard/FilterComponents.swift /Users/jur/Desktop/Neto/Neto/App/Views/Favorites/FavoriteEditorView.swift /Users/jur/Desktop/Neto/Neto/App/Views/Favorites/FavoriteRowView.swift /Users/jur/Desktop/Neto/Neto/App/Views/Favorites/FavoritesListView.swift /Users/jur/Desktop/Neto/Neto/App/Views/Filters/Components/CategorySelectorSheet.swift /Users/jur/Desktop/Neto/Neto/App/Views/Filters/FilterChipsSection.swift /Users/jur/Desktop/Neto/Neto/App/Views/Filters/FilterChipView.swift /Users/jur/Desktop/Neto/Neto/App/Views/Filters/FilterControlBar.swift (in target 'Neto' from project 'Neto')

SwiftCompile normal arm64 /Users/jur/Desktop/Neto/Neto/App/Views/Accounts/AdjustmentModeSelectorView.swift (in target 'Neto' from project 'Neto')
    cd /Users/jur/Desktop/Neto
    

SwiftCompile normal arm64 /Users/jur/Desktop/Neto/Neto/App/Views/Categories/CategoryDetailView.swift (in target 'Neto' from project 'Neto')
    cd /Users/jur/Desktop/Neto
    

SwiftCompile normal arm64 /Users/jur/Desktop/Neto/Neto/App/Views/Categories/SubcategoryDetailView.swift (in target 'Neto' from project 'Neto')
    cd /Users/jur/Desktop/Neto
    

SwiftCompile normal arm64 /Users/jur/Desktop/Neto/Neto/App/Views/Categories/SubcategoryNatureSelectorView.swift (in target 'Neto' from project 'Neto')
    cd /Users/jur/Desktop/Neto
    

SwiftCompile normal arm64 /Users/jur/Desktop/Neto/Neto/App/Views/ExportWizard/ExportColumnsStepView.swift (in target 'Neto' from project 'Neto')
    cd /Users/jur/Desktop/Neto
    

SwiftCompile normal arm64 /Users/jur/Desktop/Neto/Neto/App/Views/ExportWizard/ExportFiltersStepView.swift (in target 'Neto' from project 'Neto')
    cd /Users/jur/Desktop/Neto
    

SwiftCompile normal arm64 /Users/jur/Desktop/Neto/Neto/App/Views/ExportWizard/ExportSummaryStepView.swift (in target 'Neto' from project 'Neto')
    cd /Users/jur/Desktop/Neto
    

SwiftCompile normal arm64 /Users/jur/Desktop/Neto/Neto/App/Views/ExportWizard/FilterComponents.swift (in target 'Neto' from project 'Neto')
    cd /Users/jur/Desktop/Neto
    

SwiftCompile normal arm64 /Users/jur/Desktop/Neto/Neto/App/Views/Favorites/FavoriteEditorView.swift (in target 'Neto' from project 'Neto')
    cd /Users/jur/Desktop/Neto
    

SwiftCompile normal arm64 /Users/jur/Desktop/Neto/Neto/App/Views/Favorites/FavoriteRowView.swift (in target 'Neto' from project 'Neto')
    cd /Users/jur/Desktop/Neto
    

SwiftCompile normal arm64 /Users/jur/Desktop/Neto/Neto/App/Views/Favorites/FavoritesListView.swift (in target 'Neto' from project 'Neto')
    cd /Users/jur/Desktop/Neto
    

SwiftCompile normal arm64 /Users/jur/Desktop/Neto/Neto/App/Views/Filters/Components/CategorySelectorSheet.swift (in target 'Neto' from project 'Neto')
    cd /Users/jur/Desktop/Neto
    

SwiftCompile normal arm64 /Users/jur/Desktop/Neto/Neto/App/Views/Filters/FilterChipsSection.swift (in target 'Neto' from project 'Neto')
    cd /Users/jur/Desktop/Neto
    

SwiftCompile normal arm64 /Users/jur/Desktop/Neto/Neto/App/Views/Filters/FilterChipView.swift (in target 'Neto' from project 'Neto')
    cd /Users/jur/Desktop/Neto
    

SwiftCompile normal arm64 /Users/jur/Desktop/Neto/Neto/App/Views/Filters/FilterControlBar.swift (in target 'Neto' from project 'Neto')
    cd /Users/jur/Desktop/Neto
    

SwiftEmitModule normal arm64 Emitting\ module\ for\ Neto (in target 'Neto' from project 'Neto')

EmitSwiftModule normal arm64 (in target 'Neto' from project 'Neto')
    cd /Users/jur/Desktop/Neto
    

SwiftCompile normal arm64 Compiling\ Account.swift,\ Budget.swift,\ Category.swift,\ ExchangeRate.swift,\ FavoritePayment.swift,\ Models.swift,\ Subcategory.swift,\ Tag.swift,\ TransactionItem.swift,\ CategorySeed.swift,\ BackgroundJobs.swift,\ CurrencyChangeService.swift,\ CurrencyConverter.swift,\ ExchangeRateAPIService.swift,\ ExchangeRateProvider.swift /Users/jur/Desktop/Neto/Neto/Models/Account.swift /Users/jur/Desktop/Neto/Neto/Models/Budget.swift /Users/jur/Desktop/Neto/Neto/Models/Category.swift /Users/jur/Desktop/Neto/Neto/Models/ExchangeRate.swift /Users/jur/Desktop/Neto/Neto/Models/FavoritePayment.swift /Users/jur/Desktop/Neto/Neto/Models/Models.swift /Users/jur/Desktop/Neto/Neto/Models/Subcategory.swift /Users/jur/Desktop/Neto/Neto/Models/Tag.swift /Users/jur/Desktop/Neto/Neto/Models/TransactionItem.swift /Users/jur/Desktop/Neto/Neto/Seed/CategorySeed.swift /Users/jur/Desktop/Neto/Neto/Services/BackgroundJobs.swift /Users/jur/Desktop/Neto/Neto/Services/CurrencyChangeService.swift /Users/jur/Desktop/Neto/Neto/Services/CurrencyConverter.swift /Users/jur/Desktop/Neto/Neto/Services/ExchangeRateAPIService.swift /Users/jur/Desktop/Neto/Neto/Services/ExchangeRateProvider.swift (in target 'Neto' from project 'Neto')

SwiftCompile normal arm64 /Users/jur/Desktop/Neto/Neto/Models/Account.swift (in target 'Neto' from project 'Neto')
    cd /Users/jur/Desktop/Neto
    

SwiftCompile normal arm64 /Users/jur/Desktop/Neto/Neto/Models/Budget.swift (in target 'Neto' from project 'Neto')
    cd /Users/jur/Desktop/Neto
    

SwiftCompile normal arm64 /Users/jur/Desktop/Neto/Neto/Models/Category.swift (in target 'Neto' from project 'Neto')
    cd /Users/jur/Desktop/Neto
    

SwiftCompile normal arm64 /Users/jur/Desktop/Neto/Neto/Models/ExchangeRate.swift (in target 'Neto' from project 'Neto')
    cd /Users/jur/Desktop/Neto
    

SwiftCompile normal arm64 /Users/jur/Desktop/Neto/Neto/Models/FavoritePayment.swift (in target 'Neto' from project 'Neto')
    cd /Users/jur/Desktop/Neto
    

SwiftCompile normal arm64 /Users/jur/Desktop/Neto/Neto/Models/Models.swift (in target 'Neto' from project 'Neto')
    cd /Users/jur/Desktop/Neto
    

SwiftCompile normal arm64 /Users/jur/Desktop/Neto/Neto/Models/Subcategory.swift (in target 'Neto' from project 'Neto')
    cd /Users/jur/Desktop/Neto
    

SwiftCompile normal arm64 /Users/jur/Desktop/Neto/Neto/Models/Tag.swift (in target 'Neto' from project 'Neto')
    cd /Users/jur/Desktop/Neto
    

SwiftCompile normal arm64 /Users/jur/Desktop/Neto/Neto/Models/TransactionItem.swift (in target 'Neto' from project 'Neto')
    cd /Users/jur/Desktop/Neto
    

SwiftCompile normal arm64 /Users/jur/Desktop/Neto/Neto/Seed/CategorySeed.swift (in target 'Neto' from project 'Neto')
    cd /Users/jur/Desktop/Neto
    

SwiftCompile normal arm64 /Users/jur/Desktop/Neto/Neto/Services/BackgroundJobs.swift (in target 'Neto' from project 'Neto')
    cd /Users/jur/Desktop/Neto
    

SwiftCompile normal arm64 /Users/jur/Desktop/Neto/Neto/Services/CurrencyChangeService.swift (in target 'Neto' from project 'Neto')
    cd /Users/jur/Desktop/Neto
    

SwiftCompile normal arm64 /Users/jur/Desktop/Neto/Neto/Services/CurrencyConverter.swift (in target 'Neto' from project 'Neto')
    cd /Users/jur/Desktop/Neto
    

SwiftCompile normal arm64 /Users/jur/Desktop/Neto/Neto/Services/ExchangeRateAPIService.swift (in target 'Neto' from project 'Neto')
    cd /Users/jur/Desktop/Neto
    

SwiftCompile normal arm64 /Users/jur/Desktop/Neto/Neto/Services/ExchangeRateProvider.swift (in target 'Neto' from project 'Neto')
    cd /Users/jur/Desktop/Neto
    

SwiftCompile normal arm64 Compiling\ PeriodSelectorComponents.swift,\ PeriodSelectorLabel.swift,\ ImportAccountPickerSheet.swift,\ ImportIntroSheet.swift,\ AccountCardView.swift,\ AccountsCarouselView.swift,\ BalanceStatusIndicator.swift,\ CashFlowWidget.swift,\ CategoriesPieWidget.swift,\ ExchangeRateWidget.swift,\ NatureCompactLegendItem.swift,\ NatureTrendWidget.swift,\ PanelView.swift,\ RecentRecordsWidget.swift,\ SubcategoriesPieWidget.swift /Users/jur/Desktop/Neto/Neto/App/Views/Filters/PeriodSelectorComponents.swift /Users/jur/Desktop/Neto/Neto/App/Views/Filters/PeriodSelectorLabel.swift /Users/jur/Desktop/Neto/Neto/App/Views/Import/ImportAccountPickerSheet.swift /Users/jur/Desktop/Neto/Neto/App/Views/Import/ImportIntroSheet.swift /Users/jur/Desktop/Neto/Neto/App/Views/Panel/AccountCardView.swift /Users/jur/Desktop/Neto/Neto/App/Views/Panel/AccountsCarouselView.swift /Users/jur/Desktop/Neto/Neto/App/Views/Panel/BalanceStatusIndicator.swift /Users/jur/Desktop/Neto/Neto/App/Views/Panel/CashFlowWidget.swift /Users/jur/Desktop/Neto/Neto/App/Views/Panel/CategoriesPieWidget.swift /Users/jur/Desktop/Neto/Neto/App/Views/Panel/ExchangeRateWidget.swift /Users/jur/Desktop/Neto/Neto/App/Views/Panel/NatureCompactLegendItem.swift /Users/jur/Desktop/Neto/Neto/App/Views/Panel/NatureTrendWidget.swift /Users/jur/Desktop/Neto/Neto/App/Views/Panel/PanelView.swift /Users/jur/Desktop/Neto/Neto/App/Views/Panel/RecentRecordsWidget.swift /Users/jur/Desktop/Neto/Neto/App/Views/Panel/SubcategoriesPieWidget.swift (in target 'Neto' from project 'Neto')
SwiftCompile normal arm64 /Users/jur/Desktop/Neto/Neto/App/Views/Filters/PeriodSelectorComponents.swift (in target 'Neto' from project 'Neto')
    cd /Users/jur/Desktop/Neto
    

SwiftCompile normal arm64 /Users/jur/Desktop/Neto/Neto/App/Views/Filters/PeriodSelectorLabel.swift (in target 'Neto' from project 'Neto')
    cd /Users/jur/Desktop/Neto
    

SwiftCompile normal arm64 /Users/jur/Desktop/Neto/Neto/App/Views/Import/ImportAccountPickerSheet.swift (in target 'Neto' from project 'Neto')
    cd /Users/jur/Desktop/Neto
    

SwiftCompile normal arm64 /Users/jur/Desktop/Neto/Neto/App/Views/Import/ImportIntroSheet.swift (in target 'Neto' from project 'Neto')
    cd /Users/jur/Desktop/Neto
    

SwiftCompile normal arm64 /Users/jur/Desktop/Neto/Neto/App/Views/Panel/AccountCardView.swift (in target 'Neto' from project 'Neto')
    cd /Users/jur/Desktop/Neto
    

SwiftCompile normal arm64 /Users/jur/Desktop/Neto/Neto/App/Views/Panel/AccountsCarouselView.swift (in target 'Neto' from project 'Neto')
    cd /Users/jur/Desktop/Neto
    

SwiftCompile normal arm64 /Users/jur/Desktop/Neto/Neto/App/Views/Panel/BalanceStatusIndicator.swift (in target 'Neto' from project 'Neto')
    cd /Users/jur/Desktop/Neto
    

SwiftCompile normal arm64 /Users/jur/Desktop/Neto/Neto/App/Views/Panel/CashFlowWidget.swift (in target 'Neto' from project 'Neto')
    cd /Users/jur/Desktop/Neto
    

SwiftCompile normal arm64 /Users/jur/Desktop/Neto/Neto/App/Views/Panel/CategoriesPieWidget.swift (in target 'Neto' from project 'Neto')
    cd /Users/jur/Desktop/Neto
    

SwiftCompile normal arm64 /Users/jur/Desktop/Neto/Neto/App/Views/Panel/ExchangeRateWidget.swift (in target 'Neto' from project 'Neto')
    cd /Users/jur/Desktop/Neto
    

SwiftCompile normal arm64 /Users/jur/Desktop/Neto/Neto/App/Views/Panel/NatureCompactLegendItem.swift (in target 'Neto' from project 'Neto')
    cd /Users/jur/Desktop/Neto
    

SwiftCompile normal arm64 /Users/jur/Desktop/Neto/Neto/App/Views/Panel/NatureTrendWidget.swift (in target 'Neto' from project 'Neto')
    cd /Users/jur/Desktop/Neto
    

SwiftCompile normal arm64 /Users/jur/Desktop/Neto/Neto/App/Views/Panel/PanelView.swift (in target 'Neto' from project 'Neto')
    cd /Users/jur/Desktop/Neto
    

SwiftCompile normal arm64 /Users/jur/Desktop/Neto/Neto/App/Views/Panel/RecentRecordsWidget.swift (in target 'Neto' from project 'Neto')
    cd /Users/jur/Desktop/Neto
    

SwiftCompile normal arm64 /Users/jur/Desktop/Neto/Neto/App/Views/Panel/SubcategoriesPieWidget.swift (in target 'Neto' from project 'Neto')
    cd /Users/jur/Desktop/Neto
    

SwiftCompile normal arm64 Compiling\ SwipeBackModifier.swift,\ BalanceTrendCalculator.swift,\ CashFlowCalculator.swift,\ TopSpendingCategoriesCalculator.swift,\ TopSubcategoriesCalculator.swift,\ BalanceHelper.swift,\ ExchangeRateWidgetHelper.swift,\ NatureTrendHelper.swift,\ TrendProcessingHelper.swift,\ BudgetModels.swift,\ ExchangeRateWidgetModels.swift,\ RecordsModels.swift,\ SessionState.swift,\ SharedModels.swift,\ StatisticsContext.swift /Users/jur/Desktop/Neto/Neto/App/Components/SwipeBackModifier.swift /Users/jur/Desktop/Neto/Neto/App/Logic/Calculators/BalanceTrendCalculator.swift /Users/jur/Desktop/Neto/Neto/App/Logic/Calculators/CashFlowCalculator.swift /Users/jur/Desktop/Neto/Neto/App/Logic/Calculators/TopSpendingCategoriesCalculator.swift /Users/jur/Desktop/Neto/Neto/App/Logic/Calculators/TopSubcategoriesCalculator.swift /Users/jur/Desktop/Neto/Neto/App/Logic/Helpers/BalanceHelper.swift /Users/jur/Desktop/Neto/Neto/App/Logic/Helpers/ExchangeRateWidgetHelper.swift /Users/jur/Desktop/Neto/Neto/App/Logic/Helpers/NatureTrendHelper.swift /Users/jur/Desktop/Neto/Neto/App/Logic/Helpers/TrendProcessingHelper.swift /Users/jur/Desktop/Neto/Neto/App/Models/BudgetModels.swift /Users/jur/Desktop/Neto/Neto/App/Models/ExchangeRateWidgetModels.swift /Users/jur/Desktop/Neto/Neto/App/Models/RecordsModels.swift /Users/jur/Desktop/Neto/Neto/App/Models/SessionState.swift /Users/jur/Desktop/Neto/Neto/App/Models/SharedModels.swift /Users/jur/Desktop/Neto/Neto/App/Models/StatisticsContext.swift (in target 'Neto' from project 'Neto')

SwiftCompile normal arm64 /Users/jur/Desktop/Neto/Neto/App/Components/SwipeBackModifier.swift (in target 'Neto' from project 'Neto')
    cd /Users/jur/Desktop/Neto
    

SwiftCompile normal arm64 /Users/jur/Desktop/Neto/Neto/App/Logic/Calculators/BalanceTrendCalculator.swift (in target 'Neto' from project 'Neto')
    cd /Users/jur/Desktop/Neto
    

SwiftCompile normal arm64 /Users/jur/Desktop/Neto/Neto/App/Logic/Calculators/CashFlowCalculator.swift (in target 'Neto' from project 'Neto')
    cd /Users/jur/Desktop/Neto
    

SwiftCompile normal arm64 /Users/jur/Desktop/Neto/Neto/App/Logic/Calculators/TopSpendingCategoriesCalculator.swift (in target 'Neto' from project 'Neto')
    cd /Users/jur/Desktop/Neto
    

SwiftCompile normal arm64 /Users/jur/Desktop/Neto/Neto/App/Logic/Calculators/TopSubcategoriesCalculator.swift (in target 'Neto' from project 'Neto')
    cd /Users/jur/Desktop/Neto
    

SwiftCompile normal arm64 /Users/jur/Desktop/Neto/Neto/App/Logic/Helpers/BalanceHelper.swift (in target 'Neto' from project 'Neto')
    cd /Users/jur/Desktop/Neto
    

SwiftCompile normal arm64 /Users/jur/Desktop/Neto/Neto/App/Logic/Helpers/ExchangeRateWidgetHelper.swift (in target 'Neto' from project 'Neto')
    cd /Users/jur/Desktop/Neto
    

SwiftCompile normal arm64 /Users/jur/Desktop/Neto/Neto/App/Logic/Helpers/NatureTrendHelper.swift (in target 'Neto' from project 'Neto')
    cd /Users/jur/Desktop/Neto
    

SwiftCompile normal arm64 /Users/jur/Desktop/Neto/Neto/App/Logic/Helpers/TrendProcessingHelper.swift (in target 'Neto' from project 'Neto')
    cd /Users/jur/Desktop/Neto
    

SwiftCompile normal arm64 /Users/jur/Desktop/Neto/Neto/App/Models/BudgetModels.swift (in target 'Neto' from project 'Neto')
    cd /Users/jur/Desktop/Neto
    

SwiftCompile normal arm64 /Users/jur/Desktop/Neto/Neto/App/Models/ExchangeRateWidgetModels.swift (in target 'Neto' from project 'Neto')
    cd /Users/jur/Desktop/Neto
    

SwiftCompile normal arm64 /Users/jur/Desktop/Neto/Neto/App/Models/RecordsModels.swift (in target 'Neto' from project 'Neto')
    cd /Users/jur/Desktop/Neto
    

SwiftCompile normal arm64 /Users/jur/Desktop/Neto/Neto/App/Models/SessionState.swift (in target 'Neto' from project 'Neto')
    cd /Users/jur/Desktop/Neto
    

SwiftCompile normal arm64 /Users/jur/Desktop/Neto/Neto/App/Models/SharedModels.swift (in target 'Neto' from project 'Neto')
    cd /Users/jur/Desktop/Neto
    

SwiftCompile normal arm64 /Users/jur/Desktop/Neto/Neto/App/Models/StatisticsContext.swift (in target 'Neto' from project 'Neto')
    cd /Users/jur/Desktop/Neto
    

SwiftCompile normal arm64 Compiling\ ExchangeRateService.swift,\ FilterService.swift,\ TransactionUpdateService.swift,\ TrendDataProcessor.swift,\ AccountBalanceCalculator.swift,\ CategoryImportHelper.swift,\ Color+Hex.swift,\ CurrencyUtils.swift,\ DataWipeService.swift,\ L10n.swift,\ MoneyParsing.swift,\ TransactionCSVImportService.swift,\ TransactionsExportModels.swift,\ TransactionsExportService.swift,\ GeneratedAssetSymbols.swift /Users/jur/Desktop/Neto/Neto/Services/ExchangeRateService.swift /Users/jur/Desktop/Neto/Neto/Services/FilterService.swift /Users/jur/Desktop/Neto/Neto/Services/TransactionUpdateService.swift /Users/jur/Desktop/Neto/Neto/Services/TrendDataProcessor.swift /Users/jur/Desktop/Neto/Neto/Utils/AccountBalanceCalculator.swift /Users/jur/Desktop/Neto/Neto/Utils/CategoryImportHelper.swift /Users/jur/Desktop/Neto/Neto/Utils/Color+Hex.swift /Users/jur/Desktop/Neto/Neto/Utils/CurrencyUtils.swift /Users/jur/Desktop/Neto/Neto/Utils/DataWipeService.swift /Users/jur/Desktop/Neto/Neto/Utils/L10n.swift /Users/jur/Desktop/Neto/Neto/Utils/MoneyParsing.swift /Users/jur/Desktop/Neto/Neto/Utils/TransactionCSVImportService.swift /Users/jur/Desktop/Neto/Neto/Utils/TransactionsExportModels.swift /Users/jur/Desktop/Neto/Neto/Utils/TransactionsExportService.swift /Users/jur/Library/Developer/Xcode/DerivedData/Neto-axaxaahkibjfdndsynakjvdaxrnc/Build/Intermediates.noindex/Neto.build/Debug-iphoneos/Neto.build/DerivedSources/GeneratedAssetSymbols.swift (in target 'Neto' from project 'Neto')

SwiftCompile normal arm64 /Users/jur/Desktop/Neto/Neto/Services/ExchangeRateService.swift (in target 'Neto' from project 'Neto')
    cd /Users/jur/Desktop/Neto
    

SwiftCompile normal arm64 /Users/jur/Desktop/Neto/Neto/Services/FilterService.swift (in target 'Neto' from project 'Neto')
    cd /Users/jur/Desktop/Neto
    

SwiftCompile normal arm64 /Users/jur/Desktop/Neto/Neto/Services/TransactionUpdateService.swift (in target 'Neto' from project 'Neto')
    cd /Users/jur/Desktop/Neto
    

SwiftCompile normal arm64 /Users/jur/Desktop/Neto/Neto/Services/TrendDataProcessor.swift (in target 'Neto' from project 'Neto')
    cd /Users/jur/Desktop/Neto
    

SwiftCompile normal arm64 /Users/jur/Desktop/Neto/Neto/Utils/AccountBalanceCalculator.swift (in target 'Neto' from project 'Neto')
    cd /Users/jur/Desktop/Neto
    

SwiftCompile normal arm64 /Users/jur/Desktop/Neto/Neto/Utils/CategoryImportHelper.swift (in target 'Neto' from project 'Neto')
    cd /Users/jur/Desktop/Neto
    

SwiftCompile normal arm64 /Users/jur/Desktop/Neto/Neto/Utils/Color+Hex.swift (in target 'Neto' from project 'Neto')
    cd /Users/jur/Desktop/Neto
    

SwiftCompile normal arm64 /Users/jur/Desktop/Neto/Neto/Utils/CurrencyUtils.swift (in target 'Neto' from project 'Neto')
    cd /Users/jur/Desktop/Neto
    

SwiftCompile normal arm64 /Users/jur/Desktop/Neto/Neto/Utils/DataWipeService.swift (in target 'Neto' from project 'Neto')
    cd /Users/jur/Desktop/Neto
    

SwiftCompile normal arm64 /Users/jur/Desktop/Neto/Neto/Utils/L10n.swift (in target 'Neto' from project 'Neto')
    cd /Users/jur/Desktop/Neto
    

SwiftCompile normal arm64 /Users/jur/Desktop/Neto/Neto/Utils/MoneyParsing.swift (in target 'Neto' from project 'Neto')
    cd /Users/jur/Desktop/Neto
    

SwiftCompile normal arm64 /Users/jur/Desktop/Neto/Neto/Utils/TransactionCSVImportService.swift (in target 'Neto' from project 'Neto')
    cd /Users/jur/Desktop/Neto
    

SwiftCompile normal arm64 /Users/jur/Desktop/Neto/Neto/Utils/TransactionsExportModels.swift (in target 'Neto' from project 'Neto')
    cd /Users/jur/Desktop/Neto
    

SwiftCompile normal arm64 /Users/jur/Desktop/Neto/Neto/Utils/TransactionsExportService.swift (in target 'Neto' from project 'Neto')
    cd /Users/jur/Desktop/Neto
    

SwiftCompile normal arm64 /Users/jur/Library/Developer/Xcode/DerivedData/Neto-axaxaahkibjfdndsynakjvdaxrnc/Build/Intermediates.noindex/Neto.build/Debug-iphoneos/Neto.build/DerivedSources/GeneratedAssetSymbols.swift (in target 'Neto' from project 'Neto')
    cd /Users/jur/Desktop/Neto
    

SwiftCompile normal arm64 Compiling\ TopCategoriesWidget.swift,\ TopSubcategoriesWidget.swift,\ TrendChartView.swift,\ TrendWidget.swift,\ WidgetPreferencesView.swift,\ BudgetPeriodSelectorSheet.swift,\ BudgetProgressBar.swift,\ BudgetEditorView.swift,\ BudgetRowView.swift,\ BudgetsListView.swift,\ PlanningView.swift,\ PersonalDetailsView.swift,\ ProfileView.swift,\ RecordDateSectionView.swift,\ RecordRowView.swift /Users/jur/Desktop/Neto/Neto/App/Views/Panel/TopCategoriesWidget.swift /Users/jur/Desktop/Neto/Neto/App/Views/Panel/TopSubcategoriesWidget.swift /Users/jur/Desktop/Neto/Neto/App/Views/Panel/TrendChartView.swift /Users/jur/Desktop/Neto/Neto/App/Views/Panel/TrendWidget.swift /Users/jur/Desktop/Neto/Neto/App/Views/Panel/WidgetPreferencesView.swift /Users/jur/Desktop/Neto/Neto/App/Views/Planning/Components/BudgetPeriodSelectorSheet.swift /Users/jur/Desktop/Neto/Neto/App/Views/Planning/Components/BudgetProgressBar.swift /Users/jur/Desktop/Neto/Neto/App/Views/Planning/BudgetEditorView.swift /Users/jur/Desktop/Neto/Neto/App/Views/Planning/BudgetRowView.swift /Users/jur/Desktop/Neto/Neto/App/Views/Planning/BudgetsListView.swift /Users/jur/Desktop/Neto/Neto/App/Views/Planning/PlanningView.swift /Users/jur/Desktop/Neto/Neto/App/Views/Profile/PersonalDetailsView.swift /Users/jur/Desktop/Neto/Neto/App/Views/Profile/ProfileView.swift /Users/jur/Desktop/Neto/Neto/App/Views/Records/Components/RecordDateSectionView.swift /Users/jur/Desktop/Neto/Neto/App/Views/Records/Components/RecordRowView.swift (in target 'Neto' from project 'Neto')
Failed frontend command:
/Applications/Xcode.app/Contents/Developer/Toolchains/XcodeDefault.xctoolchain/usr/bin/swift-frontend -frontend -c -filelist /Users/jur/Library/Developer/Xcode/DerivedData/Neto-axaxaahkibjfdndsynakjvdaxrnc/Build/Intermediates.noindex/Neto.build/Debug-iphoneos/Neto.build/Objects-normal/arm64/sources-1 -primary-file /Users/jur/Desktop/Neto/Neto/App/Views/Panel/TopCategoriesWidget.swift -primary-file /Users/jur/Desktop/Neto/Neto/App/Views/Panel/TopSubcategoriesWidget.swift -primary-file /Users/jur/Desktop/Neto/Neto/App/Views/Panel/TrendChartView.swift -primary-file /Users/jur/Desktop/Neto/Neto/App/Views/Panel/TrendWidget.swift -primary-file /Users/jur/Desktop/Neto/Neto/App/Views/Panel/WidgetPreferencesView.swift -primary-file /Users/jur/Desktop/Neto/Neto/App/Views/Planning/Components/BudgetPeriodSelectorSheet.swift -primary-file /Users/jur/Desktop/Neto/Neto/App/Views/Planning/Components/BudgetProgressBar.swift -primary-file /Users/jur/Desktop/Neto/Neto/App/Views/Planning/BudgetEditorView.swift -primary-file /Users/jur/Desktop/Neto/Neto/App/Views/Planning/BudgetRowView.swift -primary-file /Users/jur/Desktop/Neto/Neto/App/Views/Planning/BudgetsListView.swift -primary-file /Users/jur/Desktop/Neto/Neto/App/Views/Planning/PlanningView.swift -primary-file /Users/jur/Desktop/Neto/Neto/App/Views/Profile/PersonalDetailsView.swift -primary-file /Users/jur/Desktop/Neto/Neto/App/Views/Profile/ProfileView.swift -primary-file /Users/jur/Desktop/Neto/Neto/App/Views/Records/Components/RecordDateSectionView.swift -primary-file /Users/jur/Desktop/Neto/Neto/App/Views/Records/Components/RecordRowView.swift -supplementary-output-file-map /Users/jur/Library/Developer/Xcode/DerivedData/Neto-axaxaahkibjfdndsynakjvdaxrnc/Build/Intermediates.noindex/Neto.build/Debug-iphoneos/Neto.build/Objects-normal/arm64/supplementaryOutputs-5 -emit-localized-strings -emit-localized-strings-path /Users/jur/Library/Developer/Xcode/DerivedData/Neto-axaxaahkibjfdndsynakjvdaxrnc/Build/Intermediates.noindex/Neto.build/Debug-iphoneos/Neto.build/Objects-normal/arm64 -target arm64-apple-ios26.1 -module-can-import-version BackgroundTasks 1.0.0 1.0.0 -module-can-import-version DeveloperToolsSupport 23.0.4 23.0.4 -module-can-import-version SwiftUI 7.2.5.1 7.2.5 -module-can-import-version UIKit 9126.2.4.1 9126.2.4 -disable-cross-import-overlay-search -swift-module-cross-import PhotosUI /Applications/Xcode.app/Contents/Developer/Platforms/iPhoneOS.platform/Developer/SDKs/iPhoneOS.sdk/System/Library/Frameworks/PhotosUI.framework/Modules/PhotosUI.swiftcrossimport/SwiftUI.swiftoverlay -swift-module-cross-import PhotosUI /Applications/Xcode.app/Contents/Developer/Platforms/iPhoneOS.platform/Developer/SDKs/iPhoneOS.sdk/System/Library/Frameworks/PhotosUI.framework/Modules/PhotosUI.swiftcrossimport/WidgetKit.swiftoverlay -swift-module-cross-import PhotosUI /Applications/Xcode.app/Contents/Developer/Platforms/iPhoneOS.platform/Developer/SDKs/iPhoneOS26.2.sdk/System/Library/Frameworks/PhotosUI.framework/Modules/PhotosUI.swiftcrossimport/SwiftUI.swiftoverlay -swift-module-cross-import PhotosUI /Applications/Xcode.app/Contents/Developer/Platforms/iPhoneOS.platform/Developer/SDKs/iPhoneOS26.2.sdk/System/Library/Frameworks/PhotosUI.framework/Modules/PhotosUI.swiftcrossimport/WidgetKit.swiftoverlay -swift-module-cross-import SwiftData /Applications/Xcode.app/Contents/Developer/Platforms/iPhoneOS.platform/Developer/SDKs/iPhoneOS26.2.sdk/System/Library/Frameworks/SwiftData.framework/Modules/SwiftData.swiftcrossimport/CoreData.swiftoverlay -swift-module-cross-import SwiftData /Applications/Xcode.app/Contents/Developer/Platforms/iPhoneOS.platform/Developer/SDKs/iPhoneOS26.2.sdk/System/Library/Frameworks/SwiftData.framework/Modules/SwiftData.swiftcrossimport/SwiftUI.swiftoverlay -load-resolved-plugin /Applications/Xcode.app/Contents/Developer/Platforms/iPhoneOS.platform/Developer/usr/lib/swift/host/plugins/libFoundationMacros.dylib\#/Applications/Xcode.app/Contents/Developer/Platforms/iPhoneOS.platform/Developer/usr/bin/swift-plugin-server\#FoundationMacros -load-resolved-plugin /Applications/Xcode.app/Contents/Developer/Platforms/iPhoneOS.platform/Developer/usr/lib/swift/host/plugins/libObservationMacros.dylib\#/Applications/Xcode.app/Contents/Developer/Platforms/iPhoneOS.platform/Developer/usr/bin/swift-plugin-server\#ObservationMacros -load-resolved-plugin /Applications/Xcode.app/Contents/Developer/Platforms/iPhoneOS.platform/Developer/usr/lib/swift/host/plugins/libPreviewsMacros.dylib\#/Applications/Xcode.app/Contents/Developer/Platforms/iPhoneOS.platform/Developer/usr/bin/swift-plugin-server\#PreviewsMacros -load-resolved-plugin /Applications/Xcode.app/Contents/Developer/Platforms/iPhoneOS.platform/Developer/usr/lib/swift/host/plugins/libSwiftDataMacros.dylib\#/Applications/Xcode.app/Contents/Developer/Platforms/iPhoneOS.platform/Developer/usr/bin/swift-plugin-server\#SwiftDataMacros -load-resolved-plugin /Applications/Xcode.app/Contents/Developer/Platforms/iPhoneOS.platform/Developer/usr/lib/swift/host/plugins/libSwiftMacros.dylib\#/Applications/Xcode.app/Contents/Developer/Platforms/iPhoneOS.platform/Developer/usr/bin/swift-plugin-server\#SwiftMacros -load-resolved-plugin /Applications/Xcode.app/Contents/Developer/Platforms/iPhoneOS.platform/Developer/usr/lib/swift/host/plugins/libSwiftUIMacros.dylib\#/Applications/Xcode.app/Contents/Developer/Platforms/iPhoneOS.platform/Developer/usr/bin/swift-plugin-server\#SwiftUIMacros -disable-implicit-swift-modules -Xcc -fno-implicit-modules -Xcc -fno-implicit-module-maps -explicit-swift-module-map-file /Users/jur/Library/Developer/Xcode/DerivedData/Neto-axaxaahkibjfdndsynakjvdaxrnc/Build/Intermediates.noindex/Neto.build/Debug-iphoneos/Neto.build/Objects-normal/arm64/Neto-dependencies-1.json -Xllvm -aarch64-use-tbi -enable-objc-interop -stack-check -sdk /Applications/Xcode.app/Contents/Developer/Platforms/iPhoneOS.platform/Developer/SDKs/iPhoneOS26.2.sdk -I /Users/jur/Library/Developer/Xcode/DerivedData/Neto-axaxaahkibjfdndsynakjvdaxrnc/Build/Products/Debug-iphoneos -F /Users/jur/Library/Developer/Xcode/DerivedData/Neto-axaxaahkibjfdndsynakjvdaxrnc/Build/Products/Debug-iphoneos/PackageFrameworks -F /Users/jur/Library/Developer/Xcode/DerivedData/Neto-axaxaahkibjfdndsynakjvdaxrnc/Build/Products/Debug-iphoneos/PackageFrameworks -F /Users/jur/Library/Developer/Xcode/DerivedData/Neto-axaxaahkibjfdndsynakjvdaxrnc/Build/Products/Debug-iphoneos/PackageFrameworks -F /Users/jur/Library/Developer/Xcode/DerivedData/Neto-axaxaahkibjfdndsynakjvdaxrnc/Build/Products/Debug-iphoneos -no-color-diagnostics -Xcc -fno-color-diagnostics -enable-testing -g -debug-info-format\=dwarf -dwarf-version\=5 -module-cache-path /Users/jur/Library/Developer/Xcode/DerivedData/Neto-axaxaahkibjfdndsynakjvdaxrnc/Build/Intermediates.noindex/SwiftExplicitPrecompiledModules -profile-generate -profile-coverage-mapping -swift-version 5 -enforce-exclusivity\=checked -Onone -D DEBUG -serialize-debugging-options -const-gather-protocols-file /Users/jur/Library/Developer/Xcode/DerivedData/Neto-axaxaahkibjfdndsynakjvdaxrnc/Build/Intermediates.noindex/Neto.build/Debug-iphoneos/Neto.build/Objects-normal/arm64/Neto_const_extract_protocols.json -enable-upcoming-feature DisableOutwardActorInference -enable-upcoming-feature InferSendableFromCaptures -enable-upcoming-feature GlobalActorIsolatedTypesUsability -enable-upcoming-feature MemberImportVisibility -enable-upcoming-feature InferIsolatedConformances -enable-upcoming-feature NonisolatedNonsendingByDefault -enable-experimental-feature DebugDescriptionMacro -enable-bare-slash-regex -default-isolation\=MainActor -empty-abi-descriptor -validate-clang-modules-once -clang-build-session-file /Users/jur/Library/Developer/Xcode/DerivedData/ModuleCache.noindex/Session.modulevalidation -Xcc -working-directory -Xcc /Users/jur/Desktop/Neto -enable-anonymous-context-mangled-names -file-compilation-dir /Users/jur/Desktop/Neto -Xcc -D_LIBCPP_HARDENING_MODE\=_LIBCPP_HARDENING_MODE_DEBUG -Xcc -ivfsstatcache -Xcc /Users/jur/Library/Developer/Xcode/DerivedData/SDKStatCaches.noindex/iphoneos26.2-23C53-3794476bd08197c3e2abd9bb477ef7f7.sdkstatcache -Xcc -I/Users/jur/Library/Developer/Xcode/DerivedData/Neto-axaxaahkibjfdndsynakjvdaxrnc/Build/Intermediates.noindex/Neto.build/Debug-iphoneos/Neto.build/swift-overrides.hmap -Xcc -iquote -Xcc /Users/jur/Library/Developer/Xcode/DerivedData/Neto-axaxaahkibjfdndsynakjvdaxrnc/Build/Intermediates.noindex/Neto.build/Debug-iphoneos/Neto.build/Neto-generated-files.hmap -Xcc -I/Users/jur/Library/Developer/Xcode/DerivedData/Neto-axaxaahkibjfdndsynakjvdaxrnc/Build/Intermediates.noindex/Neto.build/Debug-iphoneos/Neto.build/Neto-own-target-headers.hmap -Xcc -I/Users/jur/Library/Developer/Xcode/DerivedData/Neto-axaxaahkibjfdndsynakjvdaxrnc/Build/Intermediates.noindex/Neto.build/Debug-iphoneos/Neto.build/Neto-all-non-framework-target-headers.hmap -Xcc -ivfsoverlay -Xcc /Users/jur/Library/Developer/Xcode/DerivedData/Neto-axaxaahkibjfdndsynakjvdaxrnc/Build/Intermediates.noindex/Neto.build/Debug-iphoneos/Neto-756be9b60510be92858ed27b28e71159-VFS-iphoneos/all-product-headers.yaml -Xcc -iquote -Xcc /Users/jur/Library/Developer/Xcode/DerivedData/Neto-axaxaahkibjfdndsynakjvdaxrnc/Build/Intermediates.noindex/Neto.build/Debug-iphoneos/Neto.build/Neto-project-headers.hmap -Xcc -I/Users/jur/Library/Developer/Xcode/DerivedData/Neto-axaxaahkibjfdndsynakjvdaxrnc/Build/Products/Debug-iphoneos/include -Xcc -I/Users/jur/Library/Developer/Xcode/DerivedData/Neto-axaxaahkibjfdndsynakjvdaxrnc/Build/Intermediates.noindex/Neto.build/Debug-iphoneos/Neto.build/DerivedSources-normal/arm64 -Xcc -I/Users/jur/Library/Developer/Xcode/DerivedData/Neto-axaxaahkibjfdndsynakjvdaxrnc/Build/Intermediates.noindex/Neto.build/Debug-iphoneos/Neto.build/DerivedSources/arm64 -Xcc -I/Users/jur/Library/Developer/Xcode/DerivedData/Neto-axaxaahkibjfdndsynakjvdaxrnc/Build/Intermediates.noindex/Neto.build/Debug-iphoneos/Neto.build/DerivedSources -Xcc -DDEBUG\=1 -no-auto-bridging-header-chaining -module-name Neto -frontend-parseable-output -disable-clang-spi -target-sdk-version 26.2 -target-sdk-name iphoneos26.2 -clang-target arm64-apple-ios26.2 -in-process-plugin-server-path /Applications/Xcode.app/Contents/Developer/Toolchains/XcodeDefault.xctoolchain/usr/lib/swift/host/libSwiftInProcPluginServer.dylib -o /Users/jur/Library/Developer/Xcode/DerivedData/Neto-axaxaahkibjfdndsynakjvdaxrnc/Build/Intermediates.noindex/Neto.build/Debug-iphoneos/Neto.build/Objects-normal/arm64/TopCategoriesWidget.o -o /Users/jur/Library/Developer/Xcode/DerivedData/Neto-axaxaahkibjfdndsynakjvdaxrnc/Build/Intermediates.noindex/Neto.build/Debug-iphoneos/Neto.build/Objects-normal/arm64/TopSubcategoriesWidget.o -o /Users/jur/Library/Developer/Xcode/DerivedData/Neto-axaxaahkibjfdndsynakjvdaxrnc/Build/Intermediates.noindex/Neto.build/Debug-iphoneos/Neto.build/Objects-normal/arm64/TrendChartView.o -o /Users/jur/Library/Developer/Xcode/DerivedData/Neto-axaxaahkibjfdndsynakjvdaxrnc/Build/Intermediates.noindex/Neto.build/Debug-iphoneos/Neto.build/Objects-normal/arm64/TrendWidget.o -o /Users/jur/Library/Developer/Xcode/DerivedData/Neto-axaxaahkibjfdndsynakjvdaxrnc/Build/Intermediates.noindex/Neto.build/Debug-iphoneos/Neto.build/Objects-normal/arm64/WidgetPreferencesView.o -o /Users/jur/Library/Developer/Xcode/DerivedData/Neto-axaxaahkibjfdndsynakjvdaxrnc/Build/Intermediates.noindex/Neto.build/Debug-iphoneos/Neto.build/Objects-normal/arm64/BudgetPeriodSelectorSheet.o -o /Users/jur/Library/Developer/Xcode/DerivedData/Neto-axaxaahkibjfdndsynakjvdaxrnc/Build/Intermediates.noindex/Neto.build/Debug-iphoneos/Neto.build/Objects-normal/arm64/BudgetProgressBar.o -o /Users/jur/Library/Developer/Xcode/DerivedData/Neto-axaxaahkibjfdndsynakjvdaxrnc/Build/Intermediates.noindex/Neto.build/Debug-iphoneos/Neto.build/Objects-normal/arm64/BudgetEditorView.o -o /Users/jur/Library/Developer/Xcode/DerivedData/Neto-axaxaahkibjfdndsynakjvdaxrnc/Build/Intermediates.noindex/Neto.build/Debug-iphoneos/Neto.build/Objects-normal/arm64/BudgetRowView.o -o /Users/jur/Library/Developer/Xcode/DerivedData/Neto-axaxaahkibjfdndsynakjvdaxrnc/Build/Intermediates.noindex/Neto.build/Debug-iphoneos/Neto.build/Objects-normal/arm64/BudgetsListView.o -o /Users/jur/Library/Developer/Xcode/DerivedData/Neto-axaxaahkibjfdndsynakjvdaxrnc/Build/Intermediates.noindex/Neto.build/Debug-iphoneos/Neto.build/Objects-normal/arm64/PlanningView.o -o /Users/jur/Library/Developer/Xcode/DerivedData/Neto-axaxaahkibjfdndsynakjvdaxrnc/Build/Intermediates.noindex/Neto.build/Debug-iphoneos/Neto.build/Objects-normal/arm64/PersonalDetailsView.o -o /Users/jur/Library/Developer/Xcode/DerivedData/Neto-axaxaahkibjfdndsynakjvdaxrnc/Build/Intermediates.noindex/Neto.build/Debug-iphoneos/Neto.build/Objects-normal/arm64/ProfileView.o -o /Users/jur/Library/Developer/Xcode/DerivedData/Neto-axaxaahkibjfdndsynakjvdaxrnc/Build/Intermediates.noindex/Neto.build/Debug-iphoneos/Neto.build/Objects-normal/arm64/RecordDateSectionView.o -o /Users/jur/Library/Developer/Xcode/DerivedData/Neto-axaxaahkibjfdndsynakjvdaxrnc/Build/Intermediates.noindex/Neto.build/Debug-iphoneos/Neto.build/Objects-normal/arm64/RecordRowView.o -index-unit-output-path /Neto.build/Debug-iphoneos/Neto.build/Objects-normal/arm64/TopCategoriesWidget.o -index-unit-output-path /Neto.build/Debug-iphoneos/Neto.build/Objects-normal/arm64/TopSubcategoriesWidget.o -index-unit-output-path /Neto.build/Debug-iphoneos/Neto.build/Objects-normal/arm64/TrendChartView.o -index-unit-output-path /Neto.build/Debug-iphoneos/Neto.build/Objects-normal/arm64/TrendWidget.o -index-unit-output-path /Neto.build/Debug-iphoneos/Neto.build/Objects-normal/arm64/WidgetPreferencesView.o -index-unit-output-path /Neto.build/Debug-iphoneos/Neto.build/Objects-normal/arm64/BudgetPeriodSelectorSheet.o -index-unit-output-path /Neto.build/Debug-iphoneos/Neto.build/Objects-normal/arm64/BudgetProgressBar.o -index-unit-output-path /Neto.build/Debug-iphoneos/Neto.build/Objects-normal/arm64/BudgetEditorView.o -index-unit-output-path /Neto.build/Debug-iphoneos/Neto.build/Objects-normal/arm64/BudgetRowView.o -index-unit-output-path /Neto.build/Debug-iphoneos/Neto.build/Objects-normal/arm64/BudgetsListView.o -index-unit-output-path /Neto.build/Debug-iphoneos/Neto.build/Objects-normal/arm64/PlanningView.o -index-unit-output-path /Neto.build/Debug-iphoneos/Neto.build/Objects-normal/arm64/PersonalDetailsView.o -index-unit-output-path /Neto.build/Debug-iphoneos/Neto.build/Objects-normal/arm64/ProfileView.o -index-unit-output-path /Neto.build/Debug-iphoneos/Neto.build/Objects-normal/arm64/RecordDateSectionView.o -index-unit-output-path /Neto.build/Debug-iphoneos/Neto.build/Objects-normal/arm64/RecordRowView.o -index-store-path /Users/jur/Library/Developer/Xcode/DerivedData/Neto-axaxaahkibjfdndsynakjvdaxrnc/Index.noindex/DataStore -index-system-modules

SwiftCompile normal arm64 /Users/jur/Desktop/Neto/Neto/App/Views/Panel/TopCategoriesWidget.swift (in target 'Neto' from project 'Neto')
    cd /Users/jur/Desktop/Neto
    

SwiftCompile normal arm64 /Users/jur/Desktop/Neto/Neto/App/Views/Panel/TopSubcategoriesWidget.swift (in target 'Neto' from project 'Neto')
    cd /Users/jur/Desktop/Neto
    

SwiftCompile normal arm64 /Users/jur/Desktop/Neto/Neto/App/Views/Panel/TrendChartView.swift (in target 'Neto' from project 'Neto')
    cd /Users/jur/Desktop/Neto
    

SwiftCompile normal arm64 /Users/jur/Desktop/Neto/Neto/App/Views/Panel/TrendWidget.swift (in target 'Neto' from project 'Neto')
    cd /Users/jur/Desktop/Neto
    

SwiftCompile normal arm64 /Users/jur/Desktop/Neto/Neto/App/Views/Panel/WidgetPreferencesView.swift (in target 'Neto' from project 'Neto')
    cd /Users/jur/Desktop/Neto
    

SwiftCompile normal arm64 /Users/jur/Desktop/Neto/Neto/App/Views/Planning/Components/BudgetPeriodSelectorSheet.swift (in target 'Neto' from project 'Neto')
    cd /Users/jur/Desktop/Neto
    

SwiftCompile normal arm64 /Users/jur/Desktop/Neto/Neto/App/Views/Planning/Components/BudgetProgressBar.swift (in target 'Neto' from project 'Neto')
    cd /Users/jur/Desktop/Neto
    

SwiftCompile normal arm64 /Users/jur/Desktop/Neto/Neto/App/Views/Planning/BudgetEditorView.swift (in target 'Neto' from project 'Neto')
    cd /Users/jur/Desktop/Neto
    

SwiftCompile normal arm64 /Users/jur/Desktop/Neto/Neto/App/Views/Planning/BudgetRowView.swift (in target 'Neto' from project 'Neto')
    cd /Users/jur/Desktop/Neto
    

SwiftCompile normal arm64 /Users/jur/Desktop/Neto/Neto/App/Views/Planning/BudgetsListView.swift (in target 'Neto' from project 'Neto')
    cd /Users/jur/Desktop/Neto
    

SwiftCompile normal arm64 /Users/jur/Desktop/Neto/Neto/App/Views/Planning/PlanningView.swift (in target 'Neto' from project 'Neto')
    cd /Users/jur/Desktop/Neto
    

SwiftCompile normal arm64 /Users/jur/Desktop/Neto/Neto/App/Views/Profile/PersonalDetailsView.swift (in target 'Neto' from project 'Neto')
    cd /Users/jur/Desktop/Neto
    
/Users/jur/Desktop/Neto/Neto/App/Views/Profile/PersonalDetailsView.swift:52:43: error: type 'L10n.Profile' has no member 'personalDetails'
            .navigationTitle(L10n.Profile.personalDetails)
                             ~~~~~~~~~~~~ ^~~~~~~~~~~~~~~
/Users/jur/Desktop/Neto/Neto/App/Views/Profile/PersonalDetailsView.swift:121:53: error: type 'L10n.Profile' has no member 'changePhoto'
            Text(profileImage != nil ? L10n.Profile.changePhoto : L10n.Profile.addPhoto)
                                       ~~~~~~~~~~~~ ^~~~~~~~~~~
/Users/jur/Desktop/Neto/Neto/App/Views/Profile/PersonalDetailsView.swift:121:80: error: type 'L10n.Profile' has no member 'addPhoto'
            Text(profileImage != nil ? L10n.Profile.changePhoto : L10n.Profile.addPhoto)
                                                                  ~~~~~~~~~~~~ ^~~~~~~~
/Users/jur/Desktop/Neto/Neto/App/Views/Profile/PersonalDetailsView.swift:139:48: error: type 'L10n.Profile' has no member 'yourName'
                        TextField(L10n.Profile.yourName, text: $editedName)
                                  ~~~~~~~~~~~~ ^~~~~~~~
/Users/jur/Desktop/Neto/Neto/App/Views/Profile/PersonalDetailsView.swift:206:31: error: type 'L10n.Profile' has no member 'privacyTitle'
            Text(L10n.Profile.privacyTitle)
                 ~~~~~~~~~~~~ ^~~~~~~~~~~~
/Users/jur/Desktop/Neto/Neto/App/Views/Profile/PersonalDetailsView.swift:249:51: error: type 'L10n.Profile' has no member 'minChars'
            aliasValidationMessage = L10n.Profile.minChars
                                     ~~~~~~~~~~~~ ^~~~~~~~
/Users/jur/Desktop/Neto/Neto/App/Views/Profile/PersonalDetailsView.swift:255:51: error: type 'L10n.Profile' has no member 'maxChars'
            aliasValidationMessage = L10n.Profile.maxChars
                                     ~~~~~~~~~~~~ ^~~~~~~~
/Users/jur/Desktop/Neto/Neto/App/Views/Profile/PersonalDetailsView.swift:263:51: error: type 'L10n.Profile' has no member 'allowedChars'
            aliasValidationMessage = L10n.Profile.allowedChars
                                     ~~~~~~~~~~~~ ^~~~~~~~~~~~
/Users/jur/Desktop/Neto/Neto/App/Views/Profile/PersonalDetailsView.swift:269:47: error: type 'L10n.Profile' has no member 'aliasAvailable'
        aliasValidationMessage = L10n.Profile.aliasAvailable
                                 ~~~~~~~~~~~~ ^~~~~~~~~~~~~~

SwiftCompile normal arm64 /Users/jur/Desktop/Neto/Neto/App/Views/Profile/ProfileView.swift (in target 'Neto' from project 'Neto')
    cd /Users/jur/Desktop/Neto
    

SwiftCompile normal arm64 /Users/jur/Desktop/Neto/Neto/App/Views/Records/Components/RecordDateSectionView.swift (in target 'Neto' from project 'Neto')
    cd /Users/jur/Desktop/Neto
    

SwiftCompile normal arm64 /Users/jur/Desktop/Neto/Neto/App/Views/Records/Components/RecordRowView.swift (in target 'Neto' from project 'Neto')
    cd /Users/jur/Desktop/Neto
    

SwiftDriverJobDiscovery normal arm64 Compiling SwipeBackModifier.swift, BalanceTrendCalculator.swift, CashFlowCalculator.swift, TopSpendingCategoriesCalculator.swift, TopSubcategoriesCalculator.swift, BalanceHelper.swift, ExchangeRateWidgetHelper.swift, NatureTrendHelper.swift, TrendProcessingHelper.swift, BudgetModels.swift, ExchangeRateWidgetModels.swift, RecordsModels.swift, SessionState.swift, SharedModels.swift, StatisticsContext.swift (in target 'Neto' from project 'Neto')

SwiftDriverJobDiscovery normal arm64 Compiling Account.swift, Budget.swift, Category.swift, ExchangeRate.swift, FavoritePayment.swift, Models.swift, Subcategory.swift, Tag.swift, TransactionItem.swift, CategorySeed.swift, BackgroundJobs.swift, CurrencyChangeService.swift, CurrencyConverter.swift, ExchangeRateAPIService.swift, ExchangeRateProvider.swift (in target 'Neto' from project 'Neto')

SwiftDriverJobDiscovery normal arm64 Compiling ExchangeRateService.swift, FilterService.swift, TransactionUpdateService.swift, TrendDataProcessor.swift, AccountBalanceCalculator.swift, CategoryImportHelper.swift, Color+Hex.swift, CurrencyUtils.swift, DataWipeService.swift, L10n.swift, MoneyParsing.swift, TransactionCSVImportService.swift, TransactionsExportModels.swift, TransactionsExportService.swift, GeneratedAssetSymbols.swift (in target 'Neto' from project 'Neto')

SwiftDriverJobDiscovery normal arm64 Compiling TransactionFormModels.swift, WidgetModels.swift, Filterable.swift, DesignTokens.swift, SmartAxisHelper.swift, AccountFormViewModel.swift, BudgetsViewModel.swift, NewTransactionViewModel.swift, PanelCalculationContext.swift, PanelViewModel.swift, RecordsViewModel.swift, StatisticsViewModel.swift, WidgetConfigManager.swift, AccountFormView.swift, AccountTypeSelectorView.swift (in target 'Neto' from project 'Neto')

SwiftDriverJobDiscovery normal arm64 Compiling AdjustmentModeSelectorView.swift, CategoryDetailView.swift, SubcategoryDetailView.swift, SubcategoryNatureSelectorView.swift, ExportColumnsStepView.swift, ExportFiltersStepView.swift, ExportSummaryStepView.swift, FilterComponents.swift, FavoriteEditorView.swift, FavoriteRowView.swift, FavoritesListView.swift, CategorySelectorSheet.swift, FilterChipsSection.swift, FilterChipView.swift, FilterControlBar.swift (in target 'Neto' from project 'Neto')

SwiftDriverJobDiscovery normal arm64 Compiling TransactionAmountInputView.swift, TransactionTypeSelectorView.swift, TransferAmountInputView.swift, AccountSelectorSheet.swift, DescriptionAutocomplete.swift, ExchangeRateInputView.swift, NewTransactionView.swift, NumericKeypadView.swift, SubcategorySelectorSheet.swift, TagSelectorSheet.swift, TransactionFormRow.swift, TransactionSuccessView.swift, TransactionTypeSegmentedView.swift, ContentView.swift, NetoApp.swift (in target 'Neto' from project 'Neto')

** BUILD FAILED **


The following build commands failed:
	SwiftCompile normal arm64 Compiling\ TopCategoriesWidget.swift,\ TopSubcategoriesWidget.swift,\ TrendChartView.swift,\ TrendWidget.swift,\ WidgetPreferencesView.swift,\ BudgetPeriodSelectorSheet.swift,\ BudgetProgressBar.swift,\ BudgetEditorView.swift,\ BudgetRowView.swift,\ BudgetsListView.swift,\ PlanningView.swift,\ PersonalDetailsView.swift,\ ProfileView.swift,\ RecordDateSectionView.swift,\ RecordRowView.swift /Users/jur/Desktop/Neto/Neto/App/Views/Panel/TopCategoriesWidget.swift /Users/jur/Desktop/Neto/Neto/App/Views/Panel/TopSubcategoriesWidget.swift /Users/jur/Desktop/Neto/Neto/App/Views/Panel/TrendChartView.swift /Users/jur/Desktop/Neto/Neto/App/Views/Panel/TrendWidget.swift /Users/jur/Desktop/Neto/Neto/App/Views/Panel/WidgetPreferencesView.swift /Users/jur/Desktop/Neto/Neto/App/Views/Planning/Components/BudgetPeriodSelectorSheet.swift /Users/jur/Desktop/Neto/Neto/App/Views/Planning/Components/BudgetProgressBar.swift /Users/jur/Desktop/Neto/Neto/App/Views/Planning/BudgetEditorView.swift /Users/jur/Desktop/Neto/Neto/App/Views/Planning/BudgetRowView.swift /Users/jur/Desktop/Neto/Neto/App/Views/Planning/BudgetsListView.swift /Users/jur/Desktop/Neto/Neto/App/Views/Planning/PlanningView.swift /Users/jur/Desktop/Neto/Neto/App/Views/Profile/PersonalDetailsView.swift /Users/jur/Desktop/Neto/Neto/App/Views/Profile/ProfileView.swift /Users/jur/Desktop/Neto/Neto/App/Views/Records/Components/RecordDateSectionView.swift /Users/jur/Desktop/Neto/Neto/App/Views/Records/Components/RecordRowView.swift (in target 'Neto' from project 'Neto')
	SwiftCompile normal arm64 /Users/jur/Desktop/Neto/Neto/App/Views/Profile/PersonalDetailsView.swift (in target 'Neto' from project 'Neto')
	Building project Neto with scheme Neto
(3 failures)
